2024-01-11T19:17:33+00:00 DEBUG POST: https://ads.tiktok.com/marketing_api/api/developer/app/create_auto_approve/

{"business_platform":"PROD","smb_id":"tt4b_woocommerce_65a03ecde5eb4httpheterl0mewp-admin","smb_name":"PROD","redirect_url":"http:\/\/heterl0.me\/wp-admin\/"}
 ajax: no
2024-01-11T19:17:34+00:00 DEBUG Tt4b_Mapi_Class::create_open_source_app: Response: 

HTTP/1.1 200 OK
Content-Type: application/json
X-Tt-Logid: 202401111917332B16AB5783645818E2B5,202401111917332B16AB5783645818E2B5
Strict-Transport-Security: max-age=31536000; includeSubDomains
x-tt-trace-host: 013d8141e922018a72fbdf88887d3640a8fe0a1283cea637f493e4b11ad995f3d14343711c2d82223b1e3be2d709d208962915cb36f2bb03b8e6ca2b44df225b0098056d866b5c3d40b772b95aab106a94281b1a054864f517505763878e5b6c5b6749f3449b3a2109559273f91a05d46e
x-tt-trace-id: 00-2401111917332B16AB5783645818E2B5-4594508C1268F3B2-00
Server: TLB
Content-Encoding: gzip
Content-Length: 198
X-Origin-Response-Time: 175,23.48.172.80
X-Akamai-Request-ID: 1d6e6c87.15359532
Date: Thu, 11 Jan 2024 19:17:34 GMT
X-Cache: TCP_MISS from a23-52-171-61.deploy.akamaitechnologies.com (AkamaiGHost/11.4.0.1-53785976) (-)
Connection: close
Vary: Accept-Encoding
X-Cache-Remote: TCP_MISS from a23-48-172-80.deploy.akamaitechnologies.com (AkamaiGHost/11.4.0.1-53785976) (-)
x-tt-trace-tag: id=16;cdn-cache=miss;type=dyn
Server-Timing: cdn-cache; desc=MISS, edge; dur=8, origin; dur=175
Server-Timing: inner; dur=171
X-Parent-Response-Time: 180,23.52.171.61

{"code":0,"msg":"ok","data":{"redirect_uri":"http:\/\/heterl0.me\/wp-admin\/","external_data_key":"bfebacfc-b626-4ed7-aae9-458d5f14a3d2","app_id":"7322922049515552770","app_secret":"5c9906f9780b575a9e425fd730ea41b3ac96d77f"}}

