2024-03-17T00:25:37+00:00 DEBUG Tt4b_Pixel_Class::inject_add_to_cart_event: hit AddToCart
2024-03-17T00:25:37+00:00 DEBUG Tt4b_Pixel_Class::inject_add_to_cart_event: Missing option "access_token"
2024-03-17T00:25:37+00:00 DEBUG Tt4b_Pixel_Class::inject_view_content_event: hit ViewContent
2024-03-17T00:25:37+00:00 DEBUG Tt4b_Pixel_Class::inject_view_content_event: Missing option "access_token"
2024-03-17T01:44:55+00:00 DEBUG Tt4b_Pixel_Class::inject_add_to_cart_event: hit AddToCart
2024-03-17T01:44:55+00:00 DEBUG Tt4b_Pixel_Class::inject_add_to_cart_event: Missing option "access_token"
2024-03-17T01:44:55+00:00 DEBUG Tt4b_Pixel_Class::inject_view_content_event: hit ViewContent
2024-03-17T01:44:55+00:00 DEBUG Tt4b_Pixel_Class::inject_view_content_event: Missing option "access_token"
2024-03-17T03:11:43+00:00 DEBUG Tt4b_Pixel_Class::inject_add_to_cart_event: hit AddToCart
2024-03-17T03:11:43+00:00 DEBUG Tt4b_Pixel_Class::inject_add_to_cart_event: Missing option "access_token"
2024-03-17T03:11:43+00:00 DEBUG Tt4b_Pixel_Class::inject_view_content_event: hit ViewContent
2024-03-17T03:11:43+00:00 DEBUG Tt4b_Pixel_Class::inject_view_content_event: Missing option "access_token"
2024-03-17T04:00:35+00:00 DEBUG Tt4b_Pixel_Class::inject_add_to_cart_event: hit AddToCart
2024-03-17T04:00:35+00:00 DEBUG Tt4b_Pixel_Class::inject_add_to_cart_event: Missing option "access_token"
2024-03-17T04:00:36+00:00 DEBUG Tt4b_Pixel_Class::inject_view_content_event: hit ViewContent
2024-03-17T04:00:36+00:00 DEBUG Tt4b_Pixel_Class::inject_view_content_event: Missing option "access_token"
2024-03-17T04:26:00+00:00 DEBUG Tt4b_Pixel_Class::inject_add_to_cart_event: hit AddToCart
2024-03-17T04:26:00+00:00 DEBUG Tt4b_Pixel_Class::inject_add_to_cart_event: Missing option "access_token"
2024-03-17T05:38:28+00:00 DEBUG Tt4b_Pixel_Class::inject_add_to_cart_event: hit AddToCart
2024-03-17T05:38:28+00:00 DEBUG Tt4b_Pixel_Class::inject_add_to_cart_event: Missing option "access_token"
2024-03-17T06:51:39+00:00 DEBUG Tt4b_Pixel_Class::inject_add_to_cart_event: hit AddToCart
2024-03-17T06:51:39+00:00 DEBUG Tt4b_Pixel_Class::inject_add_to_cart_event: Missing option "access_token"
2024-03-17T07:34:36+00:00 DEBUG Tt4b_Pixel_Class::inject_add_to_cart_event: hit AddToCart
2024-03-17T07:34:36+00:00 DEBUG Tt4b_Pixel_Class::inject_add_to_cart_event: Missing option "access_token"
2024-03-17T08:39:32+00:00 DEBUG Tt4b_Pixel_Class::inject_add_to_cart_event: hit AddToCart
2024-03-17T08:39:32+00:00 DEBUG Tt4b_Pixel_Class::inject_add_to_cart_event: Missing option "access_token"
2024-03-17T08:46:20+00:00 DEBUG Tt4b_Pixel_Class::inject_add_to_cart_event: hit AddToCart
2024-03-17T08:46:20+00:00 DEBUG Tt4b_Pixel_Class::inject_add_to_cart_event: Missing option "access_token"
2024-03-17T09:31:06+00:00 DEBUG Tt4b_Pixel_Class::inject_initiate_checkout_event: hit InitiateCheckout
2024-03-17T09:31:06+00:00 DEBUG Tt4b_Pixel_Class::inject_initiate_checkout_event: Missing option "access_token"
2024-03-17T09:47:02+00:00 DEBUG Tt4b_Pixel_Class::inject_add_to_cart_event: hit AddToCart
2024-03-17T09:47:02+00:00 DEBUG Tt4b_Pixel_Class::inject_add_to_cart_event: Missing option "access_token"
2024-03-17T09:47:03+00:00 DEBUG Tt4b_Pixel_Class::inject_view_content_event: hit ViewContent
2024-03-17T09:47:03+00:00 DEBUG Tt4b_Pixel_Class::inject_view_content_event: Missing option "access_token"
2024-03-17T09:49:05+00:00 DEBUG Tt4b_Pixel_Class::inject_add_to_cart_event: hit AddToCart
2024-03-17T09:49:05+00:00 DEBUG Tt4b_Pixel_Class::inject_add_to_cart_event: Missing option "access_token"
2024-03-17T09:49:05+00:00 DEBUG Tt4b_Pixel_Class::inject_view_content_event: hit ViewContent
2024-03-17T09:49:05+00:00 DEBUG Tt4b_Pixel_Class::inject_view_content_event: Missing option "access_token"
2024-03-17T10:12:11+00:00 DEBUG Tt4b_Pixel_Class::inject_add_to_cart_event: hit AddToCart
2024-03-17T10:12:11+00:00 DEBUG Tt4b_Pixel_Class::inject_add_to_cart_event: Missing option "access_token"
2024-03-17T10:12:11+00:00 DEBUG Tt4b_Pixel_Class::inject_view_content_event: hit ViewContent
2024-03-17T10:12:11+00:00 DEBUG Tt4b_Pixel_Class::inject_view_content_event: Missing option "access_token"
2024-03-17T10:25:25+00:00 DEBUG Tt4b_Pixel_Class::inject_add_to_cart_event: hit AddToCart
2024-03-17T10:25:25+00:00 DEBUG Tt4b_Pixel_Class::inject_add_to_cart_event: Missing option "access_token"
2024-03-17T10:25:25+00:00 DEBUG Tt4b_Pixel_Class::inject_view_content_event: hit ViewContent
2024-03-17T10:25:25+00:00 DEBUG Tt4b_Pixel_Class::inject_view_content_event: Missing option "access_token"
2024-03-17T11:16:43+00:00 DEBUG Tt4b_Pixel_Class::inject_view_content_event: hit ViewContent
2024-03-17T11:16:43+00:00 DEBUG Tt4b_Pixel_Class::inject_view_content_event: Missing option "access_token"
2024-03-17T11:16:49+00:00 DEBUG Tt4b_Pixel_Class::inject_add_to_cart_event: hit AddToCart
2024-03-17T11:16:49+00:00 DEBUG Tt4b_Pixel_Class::inject_add_to_cart_event: Missing option "access_token"
2024-03-17T11:16:49+00:00 DEBUG Tt4b_Pixel_Class::inject_view_content_event: hit ViewContent
2024-03-17T11:16:49+00:00 DEBUG Tt4b_Pixel_Class::inject_view_content_event: Missing option "access_token"
2024-03-17T11:16:53+00:00 DEBUG Tt4b_Pixel_Class::inject_add_to_cart_event: hit AddToCart
2024-03-17T11:16:53+00:00 DEBUG Tt4b_Pixel_Class::inject_add_to_cart_event: Missing option "access_token"
2024-03-17T11:16:53+00:00 DEBUG Tt4b_Pixel_Class::inject_view_content_event: hit ViewContent
2024-03-17T11:16:53+00:00 DEBUG Tt4b_Pixel_Class::inject_view_content_event: Missing option "access_token"
2024-03-17T11:16:58+00:00 DEBUG Tt4b_Pixel_Class::inject_view_content_event: hit ViewContent
2024-03-17T11:16:58+00:00 DEBUG Tt4b_Pixel_Class::inject_view_content_event: Missing option "access_token"
2024-03-17T11:17:04+00:00 DEBUG Tt4b_Pixel_Class::inject_view_content_event: hit ViewContent
2024-03-17T11:17:04+00:00 DEBUG Tt4b_Pixel_Class::inject_view_content_event: Missing option "access_token"
2024-03-17T11:17:08+00:00 DEBUG Tt4b_Pixel_Class::inject_add_to_cart_event: hit AddToCart
2024-03-17T11:17:08+00:00 DEBUG Tt4b_Pixel_Class::inject_add_to_cart_event: Missing option "access_token"
2024-03-17T11:17:08+00:00 DEBUG Tt4b_Pixel_Class::inject_view_content_event: hit ViewContent
2024-03-17T11:17:08+00:00 DEBUG Tt4b_Pixel_Class::inject_view_content_event: Missing option "access_token"
2024-03-17T11:17:23+00:00 DEBUG Tt4b_Pixel_Class::inject_initiate_checkout_event: hit InitiateCheckout
2024-03-17T11:17:23+00:00 DEBUG Tt4b_Pixel_Class::inject_initiate_checkout_event: Missing option "access_token"
2024-03-17T11:19:11+00:00 DEBUG Tt4b_Pixel_Class::inject_initiate_checkout_event: hit InitiateCheckout
2024-03-17T11:19:11+00:00 DEBUG Tt4b_Pixel_Class::inject_initiate_checkout_event: Missing option "access_token"
2024-03-17T11:19:11+00:00 DEBUG Tt4b_Pixel_Class::inject_purchase_event: hit Purchase
2024-03-17T11:19:11+00:00 DEBUG Tt4b_Pixel_Class::inject_purchase_event: Missing option "access_token"
2024-03-17T11:30:46+00:00 DEBUG Tt4b_Pixel_Class::inject_view_content_event: hit ViewContent
2024-03-17T11:30:46+00:00 DEBUG Tt4b_Pixel_Class::inject_view_content_event: Missing option "access_token"
2024-03-17T11:30:54+00:00 DEBUG Tt4b_Pixel_Class::inject_view_content_event: hit ViewContent
2024-03-17T11:30:54+00:00 DEBUG Tt4b_Pixel_Class::inject_view_content_event: Missing option "access_token"
2024-03-17T11:30:58+00:00 DEBUG Tt4b_Pixel_Class::inject_view_content_event: hit ViewContent
2024-03-17T11:30:58+00:00 DEBUG Tt4b_Pixel_Class::inject_view_content_event: Missing option "access_token"
2024-03-17T11:37:43+00:00 DEBUG Tt4b_Pixel_Class::inject_add_to_cart_event: hit AddToCart
2024-03-17T11:37:43+00:00 DEBUG Tt4b_Pixel_Class::inject_add_to_cart_event: Missing option "access_token"
2024-03-17T11:37:43+00:00 DEBUG Tt4b_Pixel_Class::inject_view_content_event: hit ViewContent
2024-03-17T11:37:43+00:00 DEBUG Tt4b_Pixel_Class::inject_view_content_event: Missing option "access_token"
2024-03-17T12:52:52+00:00 DEBUG Tt4b_Pixel_Class::inject_add_to_cart_event: hit AddToCart
2024-03-17T12:52:52+00:00 DEBUG Tt4b_Pixel_Class::inject_add_to_cart_event: Missing option "access_token"
2024-03-17T12:52:52+00:00 DEBUG Tt4b_Pixel_Class::inject_view_content_event: hit ViewContent
2024-03-17T12:52:52+00:00 DEBUG Tt4b_Pixel_Class::inject_view_content_event: Missing option "access_token"
2024-03-17T13:46:12+00:00 DEBUG Tt4b_Pixel_Class::inject_view_content_event: hit ViewContent
2024-03-17T13:46:12+00:00 DEBUG Tt4b_Pixel_Class::inject_view_content_event: Missing option "access_token"
2024-03-17T13:46:17+00:00 DEBUG Tt4b_Pixel_Class::inject_add_to_cart_event: hit AddToCart
2024-03-17T13:46:17+00:00 DEBUG Tt4b_Pixel_Class::inject_add_to_cart_event: Missing option "access_token"
2024-03-17T13:46:17+00:00 DEBUG Tt4b_Pixel_Class::inject_view_content_event: hit ViewContent
2024-03-17T13:46:17+00:00 DEBUG Tt4b_Pixel_Class::inject_view_content_event: Missing option "access_token"
2024-03-17T13:46:22+00:00 DEBUG Tt4b_Pixel_Class::inject_add_to_cart_event: hit AddToCart
2024-03-17T13:46:22+00:00 DEBUG Tt4b_Pixel_Class::inject_add_to_cart_event: Missing option "access_token"
2024-03-17T13:46:22+00:00 DEBUG Tt4b_Pixel_Class::inject_view_content_event: hit ViewContent
2024-03-17T13:46:22+00:00 DEBUG Tt4b_Pixel_Class::inject_view_content_event: Missing option "access_token"
2024-03-17T13:46:26+00:00 DEBUG Tt4b_Pixel_Class::inject_initiate_checkout_event: hit InitiateCheckout
2024-03-17T13:46:26+00:00 DEBUG Tt4b_Pixel_Class::inject_initiate_checkout_event: Missing option "access_token"
2024-03-17T13:46:31+00:00 DEBUG Tt4b_Pixel_Class::inject_initiate_checkout_event: hit InitiateCheckout
2024-03-17T13:46:31+00:00 DEBUG Tt4b_Pixel_Class::inject_initiate_checkout_event: Missing option "access_token"
2024-03-17T13:48:28+00:00 DEBUG Tt4b_Pixel_Class::inject_initiate_checkout_event: hit InitiateCheckout
2024-03-17T13:48:28+00:00 DEBUG Tt4b_Pixel_Class::inject_initiate_checkout_event: Missing option "access_token"
2024-03-17T13:48:28+00:00 DEBUG Tt4b_Pixel_Class::inject_purchase_event: hit Purchase
2024-03-17T13:48:28+00:00 DEBUG Tt4b_Pixel_Class::inject_purchase_event: Missing option "access_token"
2024-03-17T14:02:32+00:00 DEBUG Tt4b_Pixel_Class::inject_add_to_cart_event: hit AddToCart
2024-03-17T14:02:32+00:00 DEBUG Tt4b_Pixel_Class::inject_add_to_cart_event: Missing option "access_token"
2024-03-17T14:09:12+00:00 DEBUG Tt4b_Pixel_Class::inject_view_content_event: hit ViewContent
2024-03-17T14:09:12+00:00 DEBUG Tt4b_Pixel_Class::inject_view_content_event: Missing option "access_token"
2024-03-17T14:09:16+00:00 DEBUG Tt4b_Pixel_Class::inject_add_to_cart_event: hit AddToCart
2024-03-17T14:09:16+00:00 DEBUG Tt4b_Pixel_Class::inject_add_to_cart_event: Missing option "access_token"
2024-03-17T14:09:16+00:00 DEBUG Tt4b_Pixel_Class::inject_view_content_event: hit ViewContent
2024-03-17T14:09:16+00:00 DEBUG Tt4b_Pixel_Class::inject_view_content_event: Missing option "access_token"
2024-03-17T14:09:28+00:00 DEBUG Tt4b_Pixel_Class::inject_view_content_event: hit ViewContent
2024-03-17T14:09:28+00:00 DEBUG Tt4b_Pixel_Class::inject_view_content_event: Missing option "access_token"
2024-03-17T14:09:30+00:00 DEBUG Tt4b_Pixel_Class::inject_add_to_cart_event: hit AddToCart
2024-03-17T14:09:30+00:00 DEBUG Tt4b_Pixel_Class::inject_add_to_cart_event: Missing option "access_token"
2024-03-17T14:09:30+00:00 DEBUG Tt4b_Pixel_Class::inject_view_content_event: hit ViewContent
2024-03-17T14:09:30+00:00 DEBUG Tt4b_Pixel_Class::inject_view_content_event: Missing option "access_token"
2024-03-17T14:09:35+00:00 DEBUG Tt4b_Pixel_Class::inject_add_to_cart_event: hit AddToCart
2024-03-17T14:09:35+00:00 DEBUG Tt4b_Pixel_Class::inject_add_to_cart_event: Missing option "access_token"
2024-03-17T14:09:36+00:00 DEBUG Tt4b_Pixel_Class::inject_view_content_event: hit ViewContent
2024-03-17T14:09:36+00:00 DEBUG Tt4b_Pixel_Class::inject_view_content_event: Missing option "access_token"
2024-03-17T14:09:38+00:00 DEBUG Tt4b_Pixel_Class::inject_initiate_checkout_event: hit InitiateCheckout
2024-03-17T14:09:38+00:00 DEBUG Tt4b_Pixel_Class::inject_initiate_checkout_event: Missing option "access_token"
2024-03-17T14:10:11+00:00 DEBUG Tt4b_Pixel_Class::inject_initiate_checkout_event: hit InitiateCheckout
2024-03-17T14:10:11+00:00 DEBUG Tt4b_Pixel_Class::inject_initiate_checkout_event: Missing option "access_token"
2024-03-17T14:12:36+00:00 DEBUG Tt4b_Pixel_Class::inject_initiate_checkout_event: hit InitiateCheckout
2024-03-17T14:12:36+00:00 DEBUG Tt4b_Pixel_Class::inject_initiate_checkout_event: Missing option "access_token"
2024-03-17T14:12:36+00:00 DEBUG Tt4b_Pixel_Class::inject_purchase_event: hit Purchase
2024-03-17T14:12:36+00:00 DEBUG Tt4b_Pixel_Class::inject_purchase_event: Missing option "access_token"
2024-03-17T14:24:04+00:00 DEBUG Tt4b_Pixel_Class::inject_view_content_event: hit ViewContent
2024-03-17T14:24:04+00:00 DEBUG Tt4b_Pixel_Class::inject_view_content_event: Missing option "access_token"
2024-03-17T14:24:17+00:00 DEBUG Tt4b_Pixel_Class::inject_view_content_event: hit ViewContent
2024-03-17T14:24:17+00:00 DEBUG Tt4b_Pixel_Class::inject_view_content_event: Missing option "access_token"
2024-03-17T14:24:22+00:00 DEBUG Tt4b_Pixel_Class::inject_add_to_cart_event: hit AddToCart
2024-03-17T14:24:22+00:00 DEBUG Tt4b_Pixel_Class::inject_add_to_cart_event: Missing option "access_token"
2024-03-17T14:24:22+00:00 DEBUG Tt4b_Pixel_Class::inject_view_content_event: hit ViewContent
2024-03-17T14:24:22+00:00 DEBUG Tt4b_Pixel_Class::inject_view_content_event: Missing option "access_token"
2024-03-17T14:24:42+00:00 DEBUG Tt4b_Pixel_Class::inject_view_content_event: hit ViewContent
2024-03-17T14:24:42+00:00 DEBUG Tt4b_Pixel_Class::inject_view_content_event: Missing option "access_token"
2024-03-17T14:24:47+00:00 DEBUG Tt4b_Pixel_Class::inject_add_to_cart_event: hit AddToCart
2024-03-17T14:24:47+00:00 DEBUG Tt4b_Pixel_Class::inject_add_to_cart_event: Missing option "access_token"
2024-03-17T14:24:47+00:00 DEBUG Tt4b_Pixel_Class::inject_view_content_event: hit ViewContent
2024-03-17T14:24:47+00:00 DEBUG Tt4b_Pixel_Class::inject_view_content_event: Missing option "access_token"
2024-03-17T14:25:03+00:00 DEBUG Tt4b_Pixel_Class::inject_initiate_checkout_event: hit InitiateCheckout
2024-03-17T14:25:03+00:00 DEBUG Tt4b_Pixel_Class::inject_initiate_checkout_event: Missing option "access_token"
2024-03-17T14:25:10+00:00 DEBUG Tt4b_Pixel_Class::inject_initiate_checkout_event: hit InitiateCheckout
2024-03-17T14:25:10+00:00 DEBUG Tt4b_Pixel_Class::inject_initiate_checkout_event: Missing option "access_token"
2024-03-17T14:28:30+00:00 DEBUG Tt4b_Pixel_Class::inject_initiate_checkout_event: hit InitiateCheckout
2024-03-17T14:28:30+00:00 DEBUG Tt4b_Pixel_Class::inject_initiate_checkout_event: Missing option "access_token"
2024-03-17T14:28:30+00:00 DEBUG Tt4b_Pixel_Class::inject_purchase_event: hit Purchase
2024-03-17T14:28:30+00:00 DEBUG Tt4b_Pixel_Class::inject_purchase_event: Missing option "access_token"
2024-03-17T14:42:25+00:00 DEBUG Tt4b_Pixel_Class::inject_view_content_event: hit ViewContent
2024-03-17T14:42:25+00:00 DEBUG Tt4b_Pixel_Class::inject_view_content_event: Missing option "access_token"
2024-03-17T14:42:41+00:00 DEBUG Tt4b_Pixel_Class::inject_add_to_cart_event: hit AddToCart
2024-03-17T14:42:41+00:00 DEBUG Tt4b_Pixel_Class::inject_add_to_cart_event: Missing option "access_token"
2024-03-17T14:42:41+00:00 DEBUG Tt4b_Pixel_Class::inject_view_content_event: hit ViewContent
2024-03-17T14:42:41+00:00 DEBUG Tt4b_Pixel_Class::inject_view_content_event: Missing option "access_token"
2024-03-17T14:42:49+00:00 DEBUG Tt4b_Pixel_Class::inject_view_content_event: hit ViewContent
2024-03-17T14:42:49+00:00 DEBUG Tt4b_Pixel_Class::inject_view_content_event: Missing option "access_token"
2024-03-17T14:42:57+00:00 DEBUG Tt4b_Pixel_Class::inject_add_to_cart_event: hit AddToCart
2024-03-17T14:42:57+00:00 DEBUG Tt4b_Pixel_Class::inject_add_to_cart_event: Missing option "access_token"
2024-03-17T14:42:57+00:00 DEBUG Tt4b_Pixel_Class::inject_view_content_event: hit ViewContent
2024-03-17T14:42:57+00:00 DEBUG Tt4b_Pixel_Class::inject_view_content_event: Missing option "access_token"
2024-03-17T14:43:08+00:00 DEBUG Tt4b_Pixel_Class::inject_initiate_checkout_event: hit InitiateCheckout
2024-03-17T14:43:08+00:00 DEBUG Tt4b_Pixel_Class::inject_initiate_checkout_event: Missing option "access_token"
2024-03-17T14:43:14+00:00 DEBUG Tt4b_Pixel_Class::inject_initiate_checkout_event: hit InitiateCheckout
2024-03-17T14:43:14+00:00 DEBUG Tt4b_Pixel_Class::inject_initiate_checkout_event: Missing option "access_token"
2024-03-17T14:43:19+00:00 DEBUG Tt4b_Pixel_Class::inject_initiate_checkout_event: hit InitiateCheckout
2024-03-17T14:43:19+00:00 DEBUG Tt4b_Pixel_Class::inject_initiate_checkout_event: Missing option "access_token"
2024-03-17T14:45:00+00:00 DEBUG Tt4b_Pixel_Class::inject_initiate_checkout_event: hit InitiateCheckout
2024-03-17T14:45:00+00:00 DEBUG Tt4b_Pixel_Class::inject_initiate_checkout_event: Missing option "access_token"
2024-03-17T14:45:00+00:00 DEBUG Tt4b_Pixel_Class::inject_purchase_event: hit Purchase
2024-03-17T14:45:00+00:00 DEBUG Tt4b_Pixel_Class::inject_purchase_event: Missing option "access_token"
2024-03-17T14:47:20+00:00 DEBUG Tt4b_Pixel_Class::inject_add_to_cart_event: hit AddToCart
2024-03-17T14:47:20+00:00 DEBUG Tt4b_Pixel_Class::inject_add_to_cart_event: Missing option "access_token"
2024-03-17T14:47:27+00:00 DEBUG Tt4b_Pixel_Class::inject_initiate_checkout_event: hit InitiateCheckout
2024-03-17T14:47:27+00:00 DEBUG Tt4b_Pixel_Class::inject_initiate_checkout_event: Missing option "access_token"
2024-03-17T14:49:21+00:00 DEBUG Tt4b_Pixel_Class::inject_initiate_checkout_event: hit InitiateCheckout
2024-03-17T14:49:21+00:00 DEBUG Tt4b_Pixel_Class::inject_initiate_checkout_event: Missing option "access_token"
2024-03-17T14:49:21+00:00 DEBUG Tt4b_Pixel_Class::inject_purchase_event: hit Purchase
2024-03-17T14:49:21+00:00 DEBUG Tt4b_Pixel_Class::inject_purchase_event: Missing option "access_token"
2024-03-17T14:50:56+00:00 DEBUG Tt4b_Pixel_Class::inject_initiate_checkout_event: hit InitiateCheckout
2024-03-17T14:50:56+00:00 DEBUG Tt4b_Pixel_Class::inject_initiate_checkout_event: Missing option "access_token"
2024-03-17T14:50:56+00:00 DEBUG Tt4b_Pixel_Class::inject_purchase_event: hit Purchase
2024-03-17T14:50:56+00:00 DEBUG Tt4b_Pixel_Class::inject_purchase_event: Missing option "access_token"
2024-03-17T14:52:56+00:00 DEBUG Tt4b_Pixel_Class::inject_add_to_cart_event: hit AddToCart
2024-03-17T14:52:56+00:00 DEBUG Tt4b_Pixel_Class::inject_add_to_cart_event: Missing option "access_token"
2024-03-17T14:53:04+00:00 DEBUG Tt4b_Pixel_Class::inject_initiate_checkout_event: hit InitiateCheckout
2024-03-17T14:53:04+00:00 DEBUG Tt4b_Pixel_Class::inject_initiate_checkout_event: Missing option "access_token"
2024-03-17T14:53:39+00:00 DEBUG Tt4b_Pixel_Class::inject_add_to_cart_event: hit AddToCart
2024-03-17T14:53:39+00:00 DEBUG Tt4b_Pixel_Class::inject_add_to_cart_event: Missing option "access_token"
2024-03-17T14:55:37+00:00 DEBUG Tt4b_Pixel_Class::inject_initiate_checkout_event: hit InitiateCheckout
2024-03-17T14:55:37+00:00 DEBUG Tt4b_Pixel_Class::inject_initiate_checkout_event: Missing option "access_token"
2024-03-17T14:55:37+00:00 DEBUG Tt4b_Pixel_Class::inject_purchase_event: hit Purchase
2024-03-17T14:55:37+00:00 DEBUG Tt4b_Pixel_Class::inject_purchase_event: Missing option "access_token"
2024-03-17T14:55:41+00:00 DEBUG Tt4b_Pixel_Class::inject_add_to_cart_event: hit AddToCart
2024-03-17T14:55:41+00:00 DEBUG Tt4b_Pixel_Class::inject_add_to_cart_event: Missing option "access_token"
2024-03-17T14:57:06+00:00 DEBUG Tt4b_Pixel_Class::inject_add_to_cart_event: hit AddToCart
2024-03-17T14:57:06+00:00 DEBUG Tt4b_Pixel_Class::inject_add_to_cart_event: Missing option "access_token"
2024-03-17T15:00:07+00:00 DEBUG Tt4b_Pixel_Class::inject_initiate_checkout_event: hit InitiateCheckout
2024-03-17T15:00:07+00:00 DEBUG Tt4b_Pixel_Class::inject_initiate_checkout_event: Missing option "access_token"
2024-03-17T15:00:14+00:00 DEBUG Tt4b_Pixel_Class::inject_initiate_checkout_event: hit InitiateCheckout
2024-03-17T15:00:14+00:00 DEBUG Tt4b_Pixel_Class::inject_initiate_checkout_event: Missing option "access_token"
2024-03-17T15:03:48+00:00 DEBUG Tt4b_Pixel_Class::inject_initiate_checkout_event: hit InitiateCheckout
2024-03-17T15:03:48+00:00 DEBUG Tt4b_Pixel_Class::inject_initiate_checkout_event: Missing option "access_token"
2024-03-17T15:03:48+00:00 DEBUG Tt4b_Pixel_Class::inject_purchase_event: hit Purchase
2024-03-17T15:03:48+00:00 DEBUG Tt4b_Pixel_Class::inject_purchase_event: Missing option "access_token"
2024-03-17T15:28:12+00:00 DEBUG Tt4b_Pixel_Class::inject_add_to_cart_event: hit AddToCart
2024-03-17T15:28:12+00:00 DEBUG Tt4b_Pixel_Class::inject_add_to_cart_event: Missing option "access_token"
2024-03-17T15:28:13+00:00 DEBUG Tt4b_Pixel_Class::inject_view_content_event: hit ViewContent
2024-03-17T15:28:13+00:00 DEBUG Tt4b_Pixel_Class::inject_view_content_event: Missing option "access_token"
2024-03-17T16:17:42+00:00 DEBUG Tt4b_Pixel_Class::inject_view_content_event: hit ViewContent
2024-03-17T16:17:42+00:00 DEBUG Tt4b_Pixel_Class::inject_view_content_event: Missing option "access_token"
2024-03-17T16:19:39+00:00 DEBUG Tt4b_Pixel_Class::inject_view_content_event: hit ViewContent
2024-03-17T16:19:39+00:00 DEBUG Tt4b_Pixel_Class::inject_view_content_event: Missing option "access_token"
2024-03-17T16:19:39+00:00 DEBUG Tt4b_Pixel_Class::inject_view_content_event: hit ViewContent
2024-03-17T16:19:39+00:00 DEBUG Tt4b_Pixel_Class::inject_view_content_event: Missing option "access_token"
2024-03-17T16:21:22+00:00 DEBUG Tt4b_Pixel_Class::inject_add_to_cart_event: hit AddToCart
2024-03-17T16:21:22+00:00 DEBUG Tt4b_Pixel_Class::inject_add_to_cart_event: Missing option "access_token"
2024-03-17T18:24:33+00:00 DEBUG Tt4b_Pixel_Class::inject_add_to_cart_event: hit AddToCart
2024-03-17T18:24:33+00:00 DEBUG Tt4b_Pixel_Class::inject_add_to_cart_event: Missing option "access_token"
2024-03-17T18:34:45+00:00 DEBUG Tt4b_Pixel_Class::inject_add_to_cart_event: hit AddToCart
2024-03-17T18:34:45+00:00 DEBUG Tt4b_Pixel_Class::inject_add_to_cart_event: Missing option "access_token"
2024-03-17T19:51:01+00:00 DEBUG Tt4b_Pixel_Class::inject_add_to_cart_event: hit AddToCart
2024-03-17T19:51:01+00:00 DEBUG Tt4b_Pixel_Class::inject_add_to_cart_event: Missing option "access_token"
2024-03-17T20:32:38+00:00 DEBUG Tt4b_Pixel_Class::inject_add_to_cart_event: hit AddToCart
2024-03-17T20:32:38+00:00 DEBUG Tt4b_Pixel_Class::inject_add_to_cart_event: Missing option "access_token"
2024-03-17T20:32:38+00:00 DEBUG Tt4b_Pixel_Class::inject_view_content_event: hit ViewContent
2024-03-17T20:32:38+00:00 DEBUG Tt4b_Pixel_Class::inject_view_content_event: Missing option "access_token"
