2024-01-19T00:37:16+00:00 INFO Array
(
    [Webhook Delivery] => Array
        (
            [Delivery ID] => b64f563448b127a386fbed2c252d8f2a
            [Date] => Th1 19, 2024 @ 0:37
            [URL] => https://vn1.n8n.vn/webhook/test/order/updated
            [Duration] => 0.31748
            [Request] => Array
                (
                    [Method] => POST
                    [Headers] => Array
                        (
                            [User-Agent] => WooCommerce/8.4.0 Hookshot (WordPress/6.4.2)
                            [Content-Type] => application/json
                            [X-WC-Webhook-Source] => https://vovinamfusion.top/
                            [X-WC-Webhook-Topic] => order.updated
                            [X-WC-Webhook-Resource] => order
                            [X-WC-Webhook-Event] => updated
                            [X-WC-Webhook-Signature] => VHREGPoYqyh2c2K04GvqPM8yeMCGFB11Z3Hbo7Mgqmg=
                            [X-WC-Webhook-ID] => 2
                            [X-WC-Webhook-Delivery-ID] => b64f563448b127a386fbed2c252d8f2a
                        )

                )

            [Body] => Webhook body is not logged unless WP_DEBUG mode is turned on. This is to avoid the storing of personal data in the logs.
            [Response] => Array
                (
                    [Code] => 200
                    [Message] => OK
                    [Headers] => WpOrg\Requests\Utility\CaseInsensitiveDictionary Object
                        (
                            [data:protected] => Array
                                (
                                    [content-length] => 34
                                    [content-type] => application/json; charset=utf-8
                                    [date] => Fri, 19 Jan 2024 00:37:16 GMT
                                    [etag] => W/"22-6OS7cK0FzqnV2NeDHdOSGS1bVUs"
                                    [strict-transport-security] => max-age=315360000; includeSubDomains; preload
                                    [vary] => Accept-Encoding
                                    [x-content-type-options] => nosniff
                                    [x-xss-protection] => 1; mode=block
                                )

                        )

                    [Body] => Webhook body is not logged unless WP_DEBUG mode is turned on. This is to avoid the storing of personal data in the logs.
                )

        )

)

2024-01-19T01:10:03+00:00 INFO Array
(
    [Webhook Delivery] => Array
        (
            [Delivery ID] => 254b85280a7e19fe198f255ed7b15837
            [Date] => Th1 19, 2024 @ 1:10
            [URL] => https://vn1.n8n.vn/webhook/test/order/updated
            [Duration] => 0.34583
            [Request] => Array
                (
                    [Method] => POST
                    [Headers] => Array
                        (
                            [User-Agent] => WooCommerce/8.4.0 Hookshot (WordPress/6.4.2)
                            [Content-Type] => application/json
                            [X-WC-Webhook-Source] => https://vovinamfusion.top/
                            [X-WC-Webhook-Topic] => order.updated
                            [X-WC-Webhook-Resource] => order
                            [X-WC-Webhook-Event] => updated
                            [X-WC-Webhook-Signature] => 9AxQu9pzwipqLjPLlCLsNku0v9JdzJlW2u7rJgxAXks=
                            [X-WC-Webhook-ID] => 2
                            [X-WC-Webhook-Delivery-ID] => 254b85280a7e19fe198f255ed7b15837
                        )

                )

            [Body] => Webhook body is not logged unless WP_DEBUG mode is turned on. This is to avoid the storing of personal data in the logs.
            [Response] => Array
                (
                    [Code] => 200
                    [Message] => OK
                    [Headers] => WpOrg\Requests\Utility\CaseInsensitiveDictionary Object
                        (
                            [data:protected] => Array
                                (
                                    [content-length] => 34
                                    [content-type] => application/json; charset=utf-8
                                    [date] => Fri, 19 Jan 2024 01:10:03 GMT
                                    [etag] => W/"22-6OS7cK0FzqnV2NeDHdOSGS1bVUs"
                                    [strict-transport-security] => max-age=315360000; includeSubDomains; preload
                                    [vary] => Accept-Encoding
                                    [x-content-type-options] => nosniff
                                    [x-xss-protection] => 1; mode=block
                                )

                        )

                    [Body] => Webhook body is not logged unless WP_DEBUG mode is turned on. This is to avoid the storing of personal data in the logs.
                )

        )

)

2024-01-19T01:10:09+00:00 INFO Array
(
    [Webhook Delivery] => Array
        (
            [Delivery ID] => 302ae1b1b1e45d82f4f97cb41c3c48a2
            [Date] => Th1 19, 2024 @ 1:10
            [URL] => https://vn1.n8n.vn/webhook/test/order/updated
            [Duration] => 0.30356
            [Request] => Array
                (
                    [Method] => POST
                    [Headers] => Array
                        (
                            [User-Agent] => WooCommerce/8.4.0 Hookshot (WordPress/6.4.2)
                            [Content-Type] => application/json
                            [X-WC-Webhook-Source] => https://vovinamfusion.top/
                            [X-WC-Webhook-Topic] => order.updated
                            [X-WC-Webhook-Resource] => order
                            [X-WC-Webhook-Event] => updated
                            [X-WC-Webhook-Signature] => ohIbScFAb13LYw/uxnbOGPw1/Tgp8zDR/SFcj4rrUXE=
                            [X-WC-Webhook-ID] => 2
                            [X-WC-Webhook-Delivery-ID] => 302ae1b1b1e45d82f4f97cb41c3c48a2
                        )

                )

            [Body] => Webhook body is not logged unless WP_DEBUG mode is turned on. This is to avoid the storing of personal data in the logs.
            [Response] => Array
                (
                    [Code] => 200
                    [Message] => OK
                    [Headers] => WpOrg\Requests\Utility\CaseInsensitiveDictionary Object
                        (
                            [data:protected] => Array
                                (
                                    [content-length] => 34
                                    [content-type] => application/json; charset=utf-8
                                    [date] => Fri, 19 Jan 2024 01:10:09 GMT
                                    [etag] => W/"22-6OS7cK0FzqnV2NeDHdOSGS1bVUs"
                                    [strict-transport-security] => max-age=315360000; includeSubDomains; preload
                                    [vary] => Accept-Encoding
                                    [x-content-type-options] => nosniff
                                    [x-xss-protection] => 1; mode=block
                                )

                        )

                    [Body] => Webhook body is not logged unless WP_DEBUG mode is turned on. This is to avoid the storing of personal data in the logs.
                )

        )

)

2024-01-19T01:11:02+00:00 INFO Array
(
    [Webhook Delivery] => Array
        (
            [Delivery ID] => a2f9b94cb734532c1a9d425a99ab223d
            [Date] => Th1 19, 2024 @ 1:11
            [URL] => https://vn1.n8n.vn/webhook/test/order/updated
            [Duration] => 0.28883
            [Request] => Array
                (
                    [Method] => POST
                    [Headers] => Array
                        (
                            [User-Agent] => WooCommerce/8.4.0 Hookshot (WordPress/6.4.2)
                            [Content-Type] => application/json
                            [X-WC-Webhook-Source] => https://vovinamfusion.top/
                            [X-WC-Webhook-Topic] => order.updated
                            [X-WC-Webhook-Resource] => order
                            [X-WC-Webhook-Event] => updated
                            [X-WC-Webhook-Signature] => TBw7E5ofuxEtBiNglDvsZw855qkUDk2DBO/sypOJb1o=
                            [X-WC-Webhook-ID] => 2
                            [X-WC-Webhook-Delivery-ID] => a2f9b94cb734532c1a9d425a99ab223d
                        )

                )

            [Body] => Webhook body is not logged unless WP_DEBUG mode is turned on. This is to avoid the storing of personal data in the logs.
            [Response] => Array
                (
                    [Code] => 200
                    [Message] => OK
                    [Headers] => WpOrg\Requests\Utility\CaseInsensitiveDictionary Object
                        (
                            [data:protected] => Array
                                (
                                    [content-length] => 34
                                    [content-type] => application/json; charset=utf-8
                                    [date] => Fri, 19 Jan 2024 01:11:02 GMT
                                    [etag] => W/"22-6OS7cK0FzqnV2NeDHdOSGS1bVUs"
                                    [strict-transport-security] => max-age=315360000; includeSubDomains; preload
                                    [vary] => Accept-Encoding
                                    [x-content-type-options] => nosniff
                                    [x-xss-protection] => 1; mode=block
                                )

                        )

                    [Body] => Webhook body is not logged unless WP_DEBUG mode is turned on. This is to avoid the storing of personal data in the logs.
                )

        )

)

2024-01-19T01:37:05+00:00 INFO Array
(
    [Webhook Delivery] => Array
        (
            [Delivery ID] => 0820d975bd6d111fcd296f103fdf016f
            [Date] => Th1 19, 2024 @ 1:37
            [URL] => https://vn1.n8n.vn/webhook/test/order/updated
            [Duration] => 2.87462
            [Request] => Array
                (
                    [Method] => POST
                    [Headers] => Array
                        (
                            [User-Agent] => WooCommerce/8.4.0 Hookshot (WordPress/6.4.2)
                            [Content-Type] => application/json
                            [X-WC-Webhook-Source] => https://vovinamfusion.top/
                            [X-WC-Webhook-Topic] => order.updated
                            [X-WC-Webhook-Resource] => order
                            [X-WC-Webhook-Event] => updated
                            [X-WC-Webhook-Signature] => HLy9/kMxtVPGRjijlk8R06hq/a5NmvstqmDef493PA8=
                            [X-WC-Webhook-ID] => 2
                            [X-WC-Webhook-Delivery-ID] => 0820d975bd6d111fcd296f103fdf016f
                        )

                )

            [Body] => Webhook body is not logged unless WP_DEBUG mode is turned on. This is to avoid the storing of personal data in the logs.
            [Response] => Array
                (
                    [Code] => 200
                    [Message] => OK
                    [Headers] => WpOrg\Requests\Utility\CaseInsensitiveDictionary Object
                        (
                            [data:protected] => Array
                                (
                                    [content-length] => 34
                                    [content-type] => application/json; charset=utf-8
                                    [date] => Fri, 19 Jan 2024 01:37:05 GMT
                                    [etag] => W/"22-6OS7cK0FzqnV2NeDHdOSGS1bVUs"
                                    [strict-transport-security] => max-age=315360000; includeSubDomains; preload
                                    [vary] => Accept-Encoding
                                    [x-content-type-options] => nosniff
                                    [x-xss-protection] => 1; mode=block
                                )

                        )

                    [Body] => Webhook body is not logged unless WP_DEBUG mode is turned on. This is to avoid the storing of personal data in the logs.
                )

        )

)

2024-01-19T01:37:58+00:00 INFO Array
(
    [Webhook Delivery] => Array
        (
            [Delivery ID] => 8a14accd950ee0387e0d5d67dead4549
            [Date] => Th1 19, 2024 @ 1:37
            [URL] => https://vn1.n8n.vn/webhook/test/order/updated
            [Duration] => 0.34359
            [Request] => Array
                (
                    [Method] => POST
                    [Headers] => Array
                        (
                            [User-Agent] => WooCommerce/8.4.0 Hookshot (WordPress/6.4.2)
                            [Content-Type] => application/json
                            [X-WC-Webhook-Source] => https://vovinamfusion.top/
                            [X-WC-Webhook-Topic] => order.updated
                            [X-WC-Webhook-Resource] => order
                            [X-WC-Webhook-Event] => updated
                            [X-WC-Webhook-Signature] => jCsEVXUlS6bCCVArIaiaHC4kXFP2Wv501hfURBl56NU=
                            [X-WC-Webhook-ID] => 2
                            [X-WC-Webhook-Delivery-ID] => 8a14accd950ee0387e0d5d67dead4549
                        )

                )

            [Body] => Webhook body is not logged unless WP_DEBUG mode is turned on. This is to avoid the storing of personal data in the logs.
            [Response] => Array
                (
                    [Code] => 200
                    [Message] => OK
                    [Headers] => WpOrg\Requests\Utility\CaseInsensitiveDictionary Object
                        (
                            [data:protected] => Array
                                (
                                    [content-length] => 34
                                    [content-type] => application/json; charset=utf-8
                                    [date] => Fri, 19 Jan 2024 01:37:58 GMT
                                    [etag] => W/"22-6OS7cK0FzqnV2NeDHdOSGS1bVUs"
                                    [strict-transport-security] => max-age=315360000; includeSubDomains; preload
                                    [vary] => Accept-Encoding
                                    [x-content-type-options] => nosniff
                                    [x-xss-protection] => 1; mode=block
                                )

                        )

                    [Body] => Webhook body is not logged unless WP_DEBUG mode is turned on. This is to avoid the storing of personal data in the logs.
                )

        )

)

2024-01-19T02:30:08+00:00 INFO Array
(
    [Webhook Delivery] => Array
        (
            [Delivery ID] => 0772400c3b2a18f4682727c314ba682f
            [Date] => Th1 19, 2024 @ 2:30
            [URL] => https://vn1.n8n.vn/webhook/test/order/updated
            [Duration] => 0.42363
            [Request] => Array
                (
                    [Method] => POST
                    [Headers] => Array
                        (
                            [User-Agent] => WooCommerce/8.4.0 Hookshot (WordPress/6.4.2)
                            [Content-Type] => application/json
                            [X-WC-Webhook-Source] => https://vovinamfusion.top/
                            [X-WC-Webhook-Topic] => order.updated
                            [X-WC-Webhook-Resource] => order
                            [X-WC-Webhook-Event] => updated
                            [X-WC-Webhook-Signature] => afUEXaz98bGIcwUgtK8Ndx2cPiWYe66cbXhhhLM+vIM=
                            [X-WC-Webhook-ID] => 2
                            [X-WC-Webhook-Delivery-ID] => 0772400c3b2a18f4682727c314ba682f
                        )

                )

            [Body] => Webhook body is not logged unless WP_DEBUG mode is turned on. This is to avoid the storing of personal data in the logs.
            [Response] => Array
                (
                    [Code] => 200
                    [Message] => OK
                    [Headers] => WpOrg\Requests\Utility\CaseInsensitiveDictionary Object
                        (
                            [data:protected] => Array
                                (
                                    [content-length] => 34
                                    [content-type] => application/json; charset=utf-8
                                    [date] => Fri, 19 Jan 2024 02:30:08 GMT
                                    [etag] => W/"22-6OS7cK0FzqnV2NeDHdOSGS1bVUs"
                                    [strict-transport-security] => max-age=315360000; includeSubDomains; preload
                                    [vary] => Accept-Encoding
                                    [x-content-type-options] => nosniff
                                    [x-xss-protection] => 1; mode=block
                                )

                        )

                    [Body] => Webhook body is not logged unless WP_DEBUG mode is turned on. This is to avoid the storing of personal data in the logs.
                )

        )

)

2024-01-19T02:31:00+00:00 INFO Array
(
    [Webhook Delivery] => Array
        (
            [Delivery ID] => 1b5fdd443dbb297dcb9e13bf85f85689
            [Date] => Th1 19, 2024 @ 2:31
            [URL] => https://vn1.n8n.vn/webhook/test/order/updated
            [Duration] => 0.35486
            [Request] => Array
                (
                    [Method] => POST
                    [Headers] => Array
                        (
                            [User-Agent] => WooCommerce/8.4.0 Hookshot (WordPress/6.4.2)
                            [Content-Type] => application/json
                            [X-WC-Webhook-Source] => https://vovinamfusion.top/
                            [X-WC-Webhook-Topic] => order.updated
                            [X-WC-Webhook-Resource] => order
                            [X-WC-Webhook-Event] => updated
                            [X-WC-Webhook-Signature] => oXicYrE41Y7PjzHlE8CdXABHEah+c3TvhybBFe+Jw/4=
                            [X-WC-Webhook-ID] => 2
                            [X-WC-Webhook-Delivery-ID] => 1b5fdd443dbb297dcb9e13bf85f85689
                        )

                )

            [Body] => Webhook body is not logged unless WP_DEBUG mode is turned on. This is to avoid the storing of personal data in the logs.
            [Response] => Array
                (
                    [Code] => 200
                    [Message] => OK
                    [Headers] => WpOrg\Requests\Utility\CaseInsensitiveDictionary Object
                        (
                            [data:protected] => Array
                                (
                                    [content-length] => 34
                                    [content-type] => application/json; charset=utf-8
                                    [date] => Fri, 19 Jan 2024 02:30:59 GMT
                                    [etag] => W/"22-6OS7cK0FzqnV2NeDHdOSGS1bVUs"
                                    [strict-transport-security] => max-age=315360000; includeSubDomains; preload
                                    [vary] => Accept-Encoding
                                    [x-content-type-options] => nosniff
                                    [x-xss-protection] => 1; mode=block
                                )

                        )

                    [Body] => Webhook body is not logged unless WP_DEBUG mode is turned on. This is to avoid the storing of personal data in the logs.
                )

        )

)

2024-01-19T06:54:11+00:00 INFO Array
(
    [Webhook Delivery] => Array
        (
            [Delivery ID] => 84c1f96d5440cca7bfaf8f979d0b1081
            [Date] => Th1 19, 2024 @ 6:54
            [URL] => https://vn1.n8n.vn/webhook/test/order/updated
            [Duration] => 0.3266
            [Request] => Array
                (
                    [Method] => POST
                    [Headers] => Array
                        (
                            [User-Agent] => WooCommerce/8.4.0 Hookshot (WordPress/6.4.2)
                            [Content-Type] => application/json
                            [X-WC-Webhook-Source] => https://vovinamfusion.top/
                            [X-WC-Webhook-Topic] => order.updated
                            [X-WC-Webhook-Resource] => order
                            [X-WC-Webhook-Event] => updated
                            [X-WC-Webhook-Signature] => MCXy916W/Iqaci3Pyzd2c2ddElezeogyQ5IIG7+wInc=
                            [X-WC-Webhook-ID] => 2
                            [X-WC-Webhook-Delivery-ID] => 84c1f96d5440cca7bfaf8f979d0b1081
                        )

                )

            [Body] => Webhook body is not logged unless WP_DEBUG mode is turned on. This is to avoid the storing of personal data in the logs.
            [Response] => Array
                (
                    [Code] => 200
                    [Message] => OK
                    [Headers] => WpOrg\Requests\Utility\CaseInsensitiveDictionary Object
                        (
                            [data:protected] => Array
                                (
                                    [content-length] => 34
                                    [content-type] => application/json; charset=utf-8
                                    [date] => Fri, 19 Jan 2024 06:54:11 GMT
                                    [etag] => W/"22-6OS7cK0FzqnV2NeDHdOSGS1bVUs"
                                    [strict-transport-security] => max-age=315360000; includeSubDomains; preload
                                    [vary] => Accept-Encoding
                                    [x-content-type-options] => nosniff
                                    [x-xss-protection] => 1; mode=block
                                )

                        )

                    [Body] => Webhook body is not logged unless WP_DEBUG mode is turned on. This is to avoid the storing of personal data in the logs.
                )

        )

)

2024-01-19T06:54:57+00:00 INFO Array
(
    [Webhook Delivery] => Array
        (
            [Delivery ID] => d107c815b97c96707b1f8e29ef4b64db
            [Date] => Th1 19, 2024 @ 6:54
            [URL] => https://vn1.n8n.vn/webhook/test/order/updated
            [Duration] => 0.36399
            [Request] => Array
                (
                    [Method] => POST
                    [Headers] => Array
                        (
                            [User-Agent] => WooCommerce/8.4.0 Hookshot (WordPress/6.4.2)
                            [Content-Type] => application/json
                            [X-WC-Webhook-Source] => https://vovinamfusion.top/
                            [X-WC-Webhook-Topic] => order.updated
                            [X-WC-Webhook-Resource] => order
                            [X-WC-Webhook-Event] => updated
                            [X-WC-Webhook-Signature] => 4OrEjXX+ed7eEn8UBXd2IMvR7mu+DjKc8PI8PsehXFQ=
                            [X-WC-Webhook-ID] => 2
                            [X-WC-Webhook-Delivery-ID] => d107c815b97c96707b1f8e29ef4b64db
                        )

                )

            [Body] => Webhook body is not logged unless WP_DEBUG mode is turned on. This is to avoid the storing of personal data in the logs.
            [Response] => Array
                (
                    [Code] => 200
                    [Message] => OK
                    [Headers] => WpOrg\Requests\Utility\CaseInsensitiveDictionary Object
                        (
                            [data:protected] => Array
                                (
                                    [content-length] => 34
                                    [content-type] => application/json; charset=utf-8
                                    [date] => Fri, 19 Jan 2024 06:54:57 GMT
                                    [etag] => W/"22-6OS7cK0FzqnV2NeDHdOSGS1bVUs"
                                    [strict-transport-security] => max-age=315360000; includeSubDomains; preload
                                    [vary] => Accept-Encoding
                                    [x-content-type-options] => nosniff
                                    [x-xss-protection] => 1; mode=block
                                )

                        )

                    [Body] => Webhook body is not logged unless WP_DEBUG mode is turned on. This is to avoid the storing of personal data in the logs.
                )

        )

)

2024-01-19T10:21:55+00:00 INFO Array
(
    [Webhook Delivery] => Array
        (
            [Delivery ID] => 1900daeda984276bcc2514e88bda6721
            [Date] => Th1 19, 2024 @ 10:21
            [URL] => https://vn1.n8n.vn/webhook/test/order/updated
            [Duration] => 0.36304
            [Request] => Array
                (
                    [Method] => POST
                    [Headers] => Array
                        (
                            [User-Agent] => WooCommerce/8.4.0 Hookshot (WordPress/6.4.2)
                            [Content-Type] => application/json
                            [X-WC-Webhook-Source] => https://vovinamfusion.top/
                            [X-WC-Webhook-Topic] => order.updated
                            [X-WC-Webhook-Resource] => order
                            [X-WC-Webhook-Event] => updated
                            [X-WC-Webhook-Signature] => alFo5EpEqCcusNdP9wuJxJuNwx9P4cJ7f4Z9In2XQ8Y=
                            [X-WC-Webhook-ID] => 2
                            [X-WC-Webhook-Delivery-ID] => 1900daeda984276bcc2514e88bda6721
                        )

                )

            [Body] => Webhook body is not logged unless WP_DEBUG mode is turned on. This is to avoid the storing of personal data in the logs.
            [Response] => Array
                (
                    [Code] => 200
                    [Message] => OK
                    [Headers] => WpOrg\Requests\Utility\CaseInsensitiveDictionary Object
                        (
                            [data:protected] => Array
                                (
                                    [content-length] => 34
                                    [content-type] => application/json; charset=utf-8
                                    [date] => Fri, 19 Jan 2024 10:21:55 GMT
                                    [etag] => W/"22-6OS7cK0FzqnV2NeDHdOSGS1bVUs"
                                    [strict-transport-security] => max-age=315360000; includeSubDomains; preload
                                    [vary] => Accept-Encoding
                                    [x-content-type-options] => nosniff
                                    [x-xss-protection] => 1; mode=block
                                )

                        )

                    [Body] => Webhook body is not logged unless WP_DEBUG mode is turned on. This is to avoid the storing of personal data in the logs.
                )

        )

)

2024-01-19T10:21:57+00:00 INFO Array
(
    [Webhook Delivery] => Array
        (
            [Delivery ID] => 2fbc018d4a92c8d889a527241777d9b0
            [Date] => Th1 19, 2024 @ 10:21
            [URL] => https://vn1.n8n.vn/webhook/test/order/updated
            [Duration] => 0.32269
            [Request] => Array
                (
                    [Method] => POST
                    [Headers] => Array
                        (
                            [User-Agent] => WooCommerce/8.4.0 Hookshot (WordPress/6.4.2)
                            [Content-Type] => application/json
                            [X-WC-Webhook-Source] => https://vovinamfusion.top/
                            [X-WC-Webhook-Topic] => order.updated
                            [X-WC-Webhook-Resource] => order
                            [X-WC-Webhook-Event] => updated
                            [X-WC-Webhook-Signature] => wv3CX2AszmfsHV50MQspnSU6F795hTUPLobIpJNcjZc=
                            [X-WC-Webhook-ID] => 2
                            [X-WC-Webhook-Delivery-ID] => 2fbc018d4a92c8d889a527241777d9b0
                        )

                )

            [Body] => Webhook body is not logged unless WP_DEBUG mode is turned on. This is to avoid the storing of personal data in the logs.
            [Response] => Array
                (
                    [Code] => 200
                    [Message] => OK
                    [Headers] => WpOrg\Requests\Utility\CaseInsensitiveDictionary Object
                        (
                            [data:protected] => Array
                                (
                                    [content-length] => 34
                                    [content-type] => application/json; charset=utf-8
                                    [date] => Fri, 19 Jan 2024 10:21:57 GMT
                                    [etag] => W/"22-6OS7cK0FzqnV2NeDHdOSGS1bVUs"
                                    [strict-transport-security] => max-age=315360000; includeSubDomains; preload
                                    [vary] => Accept-Encoding
                                    [x-content-type-options] => nosniff
                                    [x-xss-protection] => 1; mode=block
                                )

                        )

                    [Body] => Webhook body is not logged unless WP_DEBUG mode is turned on. This is to avoid the storing of personal data in the logs.
                )

        )

)

2024-01-19T10:22:55+00:00 INFO Array
(
    [Webhook Delivery] => Array
        (
            [Delivery ID] => a8b1005b6a01ff5581d738ebfcf6d66c
            [Date] => Th1 19, 2024 @ 10:22
            [URL] => https://vn1.n8n.vn/webhook/test/order/updated
            [Duration] => 0.30437
            [Request] => Array
                (
                    [Method] => POST
                    [Headers] => Array
                        (
                            [User-Agent] => WooCommerce/8.4.0 Hookshot (WordPress/6.4.2)
                            [Content-Type] => application/json
                            [X-WC-Webhook-Source] => https://vovinamfusion.top/
                            [X-WC-Webhook-Topic] => order.updated
                            [X-WC-Webhook-Resource] => order
                            [X-WC-Webhook-Event] => updated
                            [X-WC-Webhook-Signature] => JXSg7G3UzThJkjz/seXnYELv7qdZfqskxMx2RrtG1SU=
                            [X-WC-Webhook-ID] => 2
                            [X-WC-Webhook-Delivery-ID] => a8b1005b6a01ff5581d738ebfcf6d66c
                        )

                )

            [Body] => Webhook body is not logged unless WP_DEBUG mode is turned on. This is to avoid the storing of personal data in the logs.
            [Response] => Array
                (
                    [Code] => 200
                    [Message] => OK
                    [Headers] => WpOrg\Requests\Utility\CaseInsensitiveDictionary Object
                        (
                            [data:protected] => Array
                                (
                                    [content-length] => 34
                                    [content-type] => application/json; charset=utf-8
                                    [date] => Fri, 19 Jan 2024 10:22:55 GMT
                                    [etag] => W/"22-6OS7cK0FzqnV2NeDHdOSGS1bVUs"
                                    [strict-transport-security] => max-age=315360000; includeSubDomains; preload
                                    [vary] => Accept-Encoding
                                    [x-content-type-options] => nosniff
                                    [x-xss-protection] => 1; mode=block
                                )

                        )

                    [Body] => Webhook body is not logged unless WP_DEBUG mode is turned on. This is to avoid the storing of personal data in the logs.
                )

        )

)

2024-01-19T10:24:07+00:00 INFO Array
(
    [Webhook Delivery] => Array
        (
            [Delivery ID] => d7e105820519032299b87c4d58820fc6
            [Date] => Th1 19, 2024 @ 10:24
            [URL] => https://vn1.n8n.vn/webhook/test/order/updated
            [Duration] => 0.28906
            [Request] => Array
                (
                    [Method] => POST
                    [Headers] => Array
                        (
                            [User-Agent] => WooCommerce/8.4.0 Hookshot (WordPress/6.4.2)
                            [Content-Type] => application/json
                            [X-WC-Webhook-Source] => https://vovinamfusion.top/
                            [X-WC-Webhook-Topic] => order.updated
                            [X-WC-Webhook-Resource] => order
                            [X-WC-Webhook-Event] => updated
                            [X-WC-Webhook-Signature] => 5XKNAHP9cMm5g9XOTWcvMgdal11v/A2O0H075ttJSIs=
                            [X-WC-Webhook-ID] => 2
                            [X-WC-Webhook-Delivery-ID] => d7e105820519032299b87c4d58820fc6
                        )

                )

            [Body] => Webhook body is not logged unless WP_DEBUG mode is turned on. This is to avoid the storing of personal data in the logs.
            [Response] => Array
                (
                    [Code] => 200
                    [Message] => OK
                    [Headers] => WpOrg\Requests\Utility\CaseInsensitiveDictionary Object
                        (
                            [data:protected] => Array
                                (
                                    [content-length] => 34
                                    [content-type] => application/json; charset=utf-8
                                    [date] => Fri, 19 Jan 2024 10:24:07 GMT
                                    [etag] => W/"22-6OS7cK0FzqnV2NeDHdOSGS1bVUs"
                                    [strict-transport-security] => max-age=315360000; includeSubDomains; preload
                                    [vary] => Accept-Encoding
                                    [x-content-type-options] => nosniff
                                    [x-xss-protection] => 1; mode=block
                                )

                        )

                    [Body] => Webhook body is not logged unless WP_DEBUG mode is turned on. This is to avoid the storing of personal data in the logs.
                )

        )

)

