2024-01-18T15:12:49+00:00 INFO Array
(
    [Webhook Delivery] => Array
        (
            [Delivery ID] => b10d2f44623bc5a22a2976144f539d2c
            [Date] => Th1 18, 2024 @ 15:12
            [URL] => https://vn1.n8n.vn/webhook/test/order/updated
            [Duration] => 0.33209
            [Request] => Array
                (
                    [Method] => POST
                    [Headers] => Array
                        (
                            [User-Agent] => WooCommerce/8.4.0 Hookshot (WordPress/6.4.2)
                            [Content-Type] => application/json
                            [X-WC-Webhook-Source] => https://vovinamfusion.top/
                            [X-WC-Webhook-Topic] => order.updated
                            [X-WC-Webhook-Resource] => order
                            [X-WC-Webhook-Event] => updated
                            [X-WC-Webhook-Signature] => EyjLVkKroEHOyQ9Y+CbUE26zMwHTUQZfHSR99dEvHVI=
                            [X-WC-Webhook-ID] => 2
                            [X-WC-Webhook-Delivery-ID] => b10d2f44623bc5a22a2976144f539d2c
                        )

                )

            [Body] => Webhook body is not logged unless WP_DEBUG mode is turned on. This is to avoid the storing of personal data in the logs.
            [Response] => Array
                (
                    [Code] => 200
                    [Message] => OK
                    [Headers] => WpOrg\Requests\Utility\CaseInsensitiveDictionary Object
                        (
                            [data:protected] => Array
                                (
                                    [content-length] => 34
                                    [content-type] => application/json; charset=utf-8
                                    [date] => Thu, 18 Jan 2024 15:12:49 GMT
                                    [etag] => W/"22-6OS7cK0FzqnV2NeDHdOSGS1bVUs"
                                    [strict-transport-security] => max-age=315360000; includeSubDomains; preload
                                    [vary] => Accept-Encoding
                                    [x-content-type-options] => nosniff
                                    [x-xss-protection] => 1; mode=block
                                )

                        )

                    [Body] => Webhook body is not logged unless WP_DEBUG mode is turned on. This is to avoid the storing of personal data in the logs.
                )

        )

)

2024-01-18T15:46:08+00:00 INFO Array
(
    [Webhook Delivery] => Array
        (
            [Delivery ID] => 0e9efcc6a8e4c1f00c74d7b8ce81fa67
            [Date] => Th1 18, 2024 @ 15:46
            [URL] => https://vn1.n8n.vn/webhook/test/order/updated
            [Duration] => 0.64763
            [Request] => Array
                (
                    [Method] => POST
                    [Headers] => Array
                        (
                            [User-Agent] => WooCommerce/8.4.0 Hookshot (WordPress/6.4.2)
                            [Content-Type] => application/json
                            [X-WC-Webhook-Source] => https://vovinamfusion.top/
                            [X-WC-Webhook-Topic] => order.updated
                            [X-WC-Webhook-Resource] => order
                            [X-WC-Webhook-Event] => updated
                            [X-WC-Webhook-Signature] => nCaV0S8hMZDgoPfSV8ng8ORDFXqpSkT6TZ25/OrG1b0=
                            [X-WC-Webhook-ID] => 2
                            [X-WC-Webhook-Delivery-ID] => 0e9efcc6a8e4c1f00c74d7b8ce81fa67
                        )

                )

            [Body] => Webhook body is not logged unless WP_DEBUG mode is turned on. This is to avoid the storing of personal data in the logs.
            [Response] => Array
                (
                    [Code] => 200
                    [Message] => OK
                    [Headers] => WpOrg\Requests\Utility\CaseInsensitiveDictionary Object
                        (
                            [data:protected] => Array
                                (
                                    [content-length] => 34
                                    [content-type] => application/json; charset=utf-8
                                    [date] => Thu, 18 Jan 2024 15:46:08 GMT
                                    [etag] => W/"22-6OS7cK0FzqnV2NeDHdOSGS1bVUs"
                                    [strict-transport-security] => max-age=315360000; includeSubDomains; preload
                                    [vary] => Accept-Encoding
                                    [x-content-type-options] => nosniff
                                    [x-xss-protection] => 1; mode=block
                                )

                        )

                    [Body] => Webhook body is not logged unless WP_DEBUG mode is turned on. This is to avoid the storing of personal data in the logs.
                )

        )

)

2024-01-18T15:47:10+00:00 INFO Array
(
    [Webhook Delivery] => Array
        (
            [Delivery ID] => f2100818af9efa18e6a7dbbad1b29532
            [Date] => Th1 18, 2024 @ 15:47
            [URL] => https://vn1.n8n.vn/webhook/test/order/updated
            [Duration] => 0.31904
            [Request] => Array
                (
                    [Method] => POST
                    [Headers] => Array
                        (
                            [User-Agent] => WooCommerce/8.4.0 Hookshot (WordPress/6.4.2)
                            [Content-Type] => application/json
                            [X-WC-Webhook-Source] => https://vovinamfusion.top/
                            [X-WC-Webhook-Topic] => order.updated
                            [X-WC-Webhook-Resource] => order
                            [X-WC-Webhook-Event] => updated
                            [X-WC-Webhook-Signature] => 97+YlvSbOVvRAoQA7O5xZZC+36gQSnHXgSDe12YnPno=
                            [X-WC-Webhook-ID] => 2
                            [X-WC-Webhook-Delivery-ID] => f2100818af9efa18e6a7dbbad1b29532
                        )

                )

            [Body] => Webhook body is not logged unless WP_DEBUG mode is turned on. This is to avoid the storing of personal data in the logs.
            [Response] => Array
                (
                    [Code] => 200
                    [Message] => OK
                    [Headers] => WpOrg\Requests\Utility\CaseInsensitiveDictionary Object
                        (
                            [data:protected] => Array
                                (
                                    [content-length] => 34
                                    [content-type] => application/json; charset=utf-8
                                    [date] => Thu, 18 Jan 2024 15:47:10 GMT
                                    [etag] => W/"22-6OS7cK0FzqnV2NeDHdOSGS1bVUs"
                                    [strict-transport-security] => max-age=315360000; includeSubDomains; preload
                                    [vary] => Accept-Encoding
                                    [x-content-type-options] => nosniff
                                    [x-xss-protection] => 1; mode=block
                                )

                        )

                    [Body] => Webhook body is not logged unless WP_DEBUG mode is turned on. This is to avoid the storing of personal data in the logs.
                )

        )

)

2024-01-18T16:12:23+00:00 INFO Array
(
    [Webhook Delivery] => Array
        (
            [Delivery ID] => eaf09e6f452cc779dc5afd72bd41e91c
            [Date] => Th1 18, 2024 @ 16:12
            [URL] => https://vn1.n8n.vn/webhook/test/order/created
            [Duration] => 0.78992
            [Request] => Array
                (
                    [Method] => POST
                    [Headers] => Array
                        (
                            [User-Agent] => WooCommerce/8.4.0 Hookshot (WordPress/6.4.2)
                            [Content-Type] => application/json
                            [X-WC-Webhook-Source] => https://vovinamfusion.top/
                            [X-WC-Webhook-Topic] => order.created
                            [X-WC-Webhook-Resource] => order
                            [X-WC-Webhook-Event] => created
                            [X-WC-Webhook-Signature] => NXRfXfwQfsV6l0wMXFLcV6cYd3XYTWF7KL9U4KH14UM=
                            [X-WC-Webhook-ID] => 1
                            [X-WC-Webhook-Delivery-ID] => eaf09e6f452cc779dc5afd72bd41e91c
                        )

                )

            [Body] => Webhook body is not logged unless WP_DEBUG mode is turned on. This is to avoid the storing of personal data in the logs.
            [Response] => Array
                (
                    [Code] => 200
                    [Message] => OK
                    [Headers] => WpOrg\Requests\Utility\CaseInsensitiveDictionary Object
                        (
                            [data:protected] => Array
                                (
                                    [content-length] => 34
                                    [content-type] => application/json; charset=utf-8
                                    [date] => Thu, 18 Jan 2024 16:12:23 GMT
                                    [etag] => W/"22-6OS7cK0FzqnV2NeDHdOSGS1bVUs"
                                    [strict-transport-security] => max-age=315360000; includeSubDomains; preload
                                    [vary] => Accept-Encoding
                                    [x-content-type-options] => nosniff
                                    [x-xss-protection] => 1; mode=block
                                )

                        )

                    [Body] => Webhook body is not logged unless WP_DEBUG mode is turned on. This is to avoid the storing of personal data in the logs.
                )

        )

)

2024-01-18T16:12:23+00:00 INFO Array
(
    [Webhook Delivery] => Array
        (
            [Delivery ID] => a15811fc3d0a7697b36c0b064a74962d
            [Date] => Th1 18, 2024 @ 16:12
            [URL] => https://vn1.n8n.vn/webhook/test/order/updated
            [Duration] => 0.18703
            [Request] => Array
                (
                    [Method] => POST
                    [Headers] => Array
                        (
                            [User-Agent] => WooCommerce/8.4.0 Hookshot (WordPress/6.4.2)
                            [Content-Type] => application/json
                            [X-WC-Webhook-Source] => https://vovinamfusion.top/
                            [X-WC-Webhook-Topic] => order.updated
                            [X-WC-Webhook-Resource] => order
                            [X-WC-Webhook-Event] => updated
                            [X-WC-Webhook-Signature] => M4SSRZlqNieQayokvAfjQFIIArmns0aFIBPu1WzYm9U=
                            [X-WC-Webhook-ID] => 2
                            [X-WC-Webhook-Delivery-ID] => a15811fc3d0a7697b36c0b064a74962d
                        )

                )

            [Body] => Webhook body is not logged unless WP_DEBUG mode is turned on. This is to avoid the storing of personal data in the logs.
            [Response] => Array
                (
                    [Code] => 200
                    [Message] => OK
                    [Headers] => WpOrg\Requests\Utility\CaseInsensitiveDictionary Object
                        (
                            [data:protected] => Array
                                (
                                    [content-length] => 34
                                    [content-type] => application/json; charset=utf-8
                                    [date] => Thu, 18 Jan 2024 16:12:23 GMT
                                    [etag] => W/"22-6OS7cK0FzqnV2NeDHdOSGS1bVUs"
                                    [strict-transport-security] => max-age=315360000; includeSubDomains; preload
                                    [vary] => Accept-Encoding
                                    [x-content-type-options] => nosniff
                                    [x-xss-protection] => 1; mode=block
                                )

                        )

                    [Body] => Webhook body is not logged unless WP_DEBUG mode is turned on. This is to avoid the storing of personal data in the logs.
                )

        )

)

2024-01-18T16:22:59+00:00 INFO Array
(
    [Webhook Delivery] => Array
        (
            [Delivery ID] => 32cb5c00d2a60494a0a22226af92187c
            [Date] => Th1 18, 2024 @ 16:22
            [URL] => https://vn1.n8n.vn/webhook/test/order/updated
            [Duration] => 0.62213
            [Request] => Array
                (
                    [Method] => POST
                    [Headers] => Array
                        (
                            [User-Agent] => WooCommerce/8.4.0 Hookshot (WordPress/6.4.2)
                            [Content-Type] => application/json
                            [X-WC-Webhook-Source] => https://vovinamfusion.top/
                            [X-WC-Webhook-Topic] => order.updated
                            [X-WC-Webhook-Resource] => order
                            [X-WC-Webhook-Event] => updated
                            [X-WC-Webhook-Signature] => 4xGF/SFKNw9pHx2IVmE6JmTOOHHQ+Ds8Mhd1cAClgz8=
                            [X-WC-Webhook-ID] => 2
                            [X-WC-Webhook-Delivery-ID] => 32cb5c00d2a60494a0a22226af92187c
                        )

                )

            [Body] => Webhook body is not logged unless WP_DEBUG mode is turned on. This is to avoid the storing of personal data in the logs.
            [Response] => Array
                (
                    [Code] => 200
                    [Message] => OK
                    [Headers] => WpOrg\Requests\Utility\CaseInsensitiveDictionary Object
                        (
                            [data:protected] => Array
                                (
                                    [content-length] => 34
                                    [content-type] => application/json; charset=utf-8
                                    [date] => Thu, 18 Jan 2024 16:22:58 GMT
                                    [etag] => W/"22-6OS7cK0FzqnV2NeDHdOSGS1bVUs"
                                    [strict-transport-security] => max-age=315360000; includeSubDomains; preload
                                    [vary] => Accept-Encoding
                                    [x-content-type-options] => nosniff
                                    [x-xss-protection] => 1; mode=block
                                )

                        )

                    [Body] => Webhook body is not logged unless WP_DEBUG mode is turned on. This is to avoid the storing of personal data in the logs.
                )

        )

)

2024-01-18T16:23:31+00:00 INFO Array
(
    [Webhook Delivery] => Array
        (
            [Delivery ID] => ef3b263ffcf33d6ffa2d0e1053e59710
            [Date] => Th1 18, 2024 @ 16:23
            [URL] => https://vn1.n8n.vn/webhook/test/order/updated
            [Duration] => 0.28615
            [Request] => Array
                (
                    [Method] => POST
                    [Headers] => Array
                        (
                            [User-Agent] => WooCommerce/8.4.0 Hookshot (WordPress/6.4.2)
                            [Content-Type] => application/json
                            [X-WC-Webhook-Source] => https://vovinamfusion.top/
                            [X-WC-Webhook-Topic] => order.updated
                            [X-WC-Webhook-Resource] => order
                            [X-WC-Webhook-Event] => updated
                            [X-WC-Webhook-Signature] => chNLPeb8DWrzARr5CPjzoFwQrayjSceC5m8hVI9eYWQ=
                            [X-WC-Webhook-ID] => 2
                            [X-WC-Webhook-Delivery-ID] => ef3b263ffcf33d6ffa2d0e1053e59710
                        )

                )

            [Body] => Webhook body is not logged unless WP_DEBUG mode is turned on. This is to avoid the storing of personal data in the logs.
            [Response] => Array
                (
                    [Code] => 200
                    [Message] => OK
                    [Headers] => WpOrg\Requests\Utility\CaseInsensitiveDictionary Object
                        (
                            [data:protected] => Array
                                (
                                    [content-length] => 34
                                    [content-type] => application/json; charset=utf-8
                                    [date] => Thu, 18 Jan 2024 16:23:31 GMT
                                    [etag] => W/"22-6OS7cK0FzqnV2NeDHdOSGS1bVUs"
                                    [strict-transport-security] => max-age=315360000; includeSubDomains; preload
                                    [vary] => Accept-Encoding
                                    [x-content-type-options] => nosniff
                                    [x-xss-protection] => 1; mode=block
                                )

                        )

                    [Body] => Webhook body is not logged unless WP_DEBUG mode is turned on. This is to avoid the storing of personal data in the logs.
                )

        )

)

2024-01-18T16:23:37+00:00 INFO Array
(
    [Webhook Delivery] => Array
        (
            [Delivery ID] => 2079528d4caca2165fff9f2f79bf5d0e
            [Date] => Th1 18, 2024 @ 16:23
            [URL] => https://vn1.n8n.vn/webhook/test/order/updated
            [Duration] => 0.29903
            [Request] => Array
                (
                    [Method] => POST
                    [Headers] => Array
                        (
                            [User-Agent] => WooCommerce/8.4.0 Hookshot (WordPress/6.4.2)
                            [Content-Type] => application/json
                            [X-WC-Webhook-Source] => https://vovinamfusion.top/
                            [X-WC-Webhook-Topic] => order.updated
                            [X-WC-Webhook-Resource] => order
                            [X-WC-Webhook-Event] => updated
                            [X-WC-Webhook-Signature] => rzqtMER1vTqUeXSk3WKCqxqwnB4KVt9BFuCnGOcO5Iw=
                            [X-WC-Webhook-ID] => 2
                            [X-WC-Webhook-Delivery-ID] => 2079528d4caca2165fff9f2f79bf5d0e
                        )

                )

            [Body] => Webhook body is not logged unless WP_DEBUG mode is turned on. This is to avoid the storing of personal data in the logs.
            [Response] => Array
                (
                    [Code] => 200
                    [Message] => OK
                    [Headers] => WpOrg\Requests\Utility\CaseInsensitiveDictionary Object
                        (
                            [data:protected] => Array
                                (
                                    [content-length] => 34
                                    [content-type] => application/json; charset=utf-8
                                    [date] => Thu, 18 Jan 2024 16:23:37 GMT
                                    [etag] => W/"22-6OS7cK0FzqnV2NeDHdOSGS1bVUs"
                                    [strict-transport-security] => max-age=315360000; includeSubDomains; preload
                                    [vary] => Accept-Encoding
                                    [x-content-type-options] => nosniff
                                    [x-xss-protection] => 1; mode=block
                                )

                        )

                    [Body] => Webhook body is not logged unless WP_DEBUG mode is turned on. This is to avoid the storing of personal data in the logs.
                )

        )

)

2024-01-18T16:27:49+00:00 INFO Array
(
    [Webhook Delivery] => Array
        (
            [Delivery ID] => cf318c372232bd5132ff53da4eb9bbfc
            [Date] => Th1 18, 2024 @ 16:27
            [URL] => https://vn1.n8n.vn/webhook/test/order/updated
            [Duration] => 0.5754
            [Request] => Array
                (
                    [Method] => POST
                    [Headers] => Array
                        (
                            [User-Agent] => WooCommerce/8.4.0 Hookshot (WordPress/6.4.2)
                            [Content-Type] => application/json
                            [X-WC-Webhook-Source] => https://vovinamfusion.top/
                            [X-WC-Webhook-Topic] => order.updated
                            [X-WC-Webhook-Resource] => order
                            [X-WC-Webhook-Event] => updated
                            [X-WC-Webhook-Signature] => N2XrSeiVwnXpQnxIvBUUXMB0xzDda8n0/HMZr3dLWX8=
                            [X-WC-Webhook-ID] => 2
                            [X-WC-Webhook-Delivery-ID] => cf318c372232bd5132ff53da4eb9bbfc
                        )

                )

            [Body] => Webhook body is not logged unless WP_DEBUG mode is turned on. This is to avoid the storing of personal data in the logs.
            [Response] => Array
                (
                    [Code] => 200
                    [Message] => OK
                    [Headers] => WpOrg\Requests\Utility\CaseInsensitiveDictionary Object
                        (
                            [data:protected] => Array
                                (
                                    [content-length] => 34
                                    [content-type] => application/json; charset=utf-8
                                    [date] => Thu, 18 Jan 2024 16:27:49 GMT
                                    [etag] => W/"22-6OS7cK0FzqnV2NeDHdOSGS1bVUs"
                                    [strict-transport-security] => max-age=315360000; includeSubDomains; preload
                                    [vary] => Accept-Encoding
                                    [x-content-type-options] => nosniff
                                    [x-xss-protection] => 1; mode=block
                                )

                        )

                    [Body] => Webhook body is not logged unless WP_DEBUG mode is turned on. This is to avoid the storing of personal data in the logs.
                )

        )

)

2024-01-18T16:28:57+00:00 INFO Array
(
    [Webhook Delivery] => Array
        (
            [Delivery ID] => 08fd4a5a060067e4429f015a7212a381
            [Date] => Th1 18, 2024 @ 16:28
            [URL] => https://vn1.n8n.vn/webhook/test/order/updated
            [Duration] => 0.62434
            [Request] => Array
                (
                    [Method] => POST
                    [Headers] => Array
                        (
                            [User-Agent] => WooCommerce/8.4.0 Hookshot (WordPress/6.4.2)
                            [Content-Type] => application/json
                            [X-WC-Webhook-Source] => https://vovinamfusion.top/
                            [X-WC-Webhook-Topic] => order.updated
                            [X-WC-Webhook-Resource] => order
                            [X-WC-Webhook-Event] => updated
                            [X-WC-Webhook-Signature] => d2naIWfo9cqfjdwsFCEa9xda7k+uKmRWerChvwqaheM=
                            [X-WC-Webhook-ID] => 2
                            [X-WC-Webhook-Delivery-ID] => 08fd4a5a060067e4429f015a7212a381
                        )

                )

            [Body] => Webhook body is not logged unless WP_DEBUG mode is turned on. This is to avoid the storing of personal data in the logs.
            [Response] => Array
                (
                    [Code] => 200
                    [Message] => OK
                    [Headers] => WpOrg\Requests\Utility\CaseInsensitiveDictionary Object
                        (
                            [data:protected] => Array
                                (
                                    [content-length] => 34
                                    [content-type] => application/json; charset=utf-8
                                    [date] => Thu, 18 Jan 2024 16:28:57 GMT
                                    [etag] => W/"22-6OS7cK0FzqnV2NeDHdOSGS1bVUs"
                                    [strict-transport-security] => max-age=315360000; includeSubDomains; preload
                                    [vary] => Accept-Encoding
                                    [x-content-type-options] => nosniff
                                    [x-xss-protection] => 1; mode=block
                                )

                        )

                    [Body] => Webhook body is not logged unless WP_DEBUG mode is turned on. This is to avoid the storing of personal data in the logs.
                )

        )

)

2024-01-18T16:29:03+00:00 INFO Array
(
    [Webhook Delivery] => Array
        (
            [Delivery ID] => 7f790688a1452b5c70d2b0d2d8f7b90e
            [Date] => Th1 18, 2024 @ 16:29
            [URL] => https://vn1.n8n.vn/webhook/test/order/updated
            [Duration] => 0.32049
            [Request] => Array
                (
                    [Method] => POST
                    [Headers] => Array
                        (
                            [User-Agent] => WooCommerce/8.4.0 Hookshot (WordPress/6.4.2)
                            [Content-Type] => application/json
                            [X-WC-Webhook-Source] => https://vovinamfusion.top/
                            [X-WC-Webhook-Topic] => order.updated
                            [X-WC-Webhook-Resource] => order
                            [X-WC-Webhook-Event] => updated
                            [X-WC-Webhook-Signature] => tSscYHdkKKAM+Ly8baCyojiChITDU6/fLwM0NIhUrLM=
                            [X-WC-Webhook-ID] => 2
                            [X-WC-Webhook-Delivery-ID] => 7f790688a1452b5c70d2b0d2d8f7b90e
                        )

                )

            [Body] => Webhook body is not logged unless WP_DEBUG mode is turned on. This is to avoid the storing of personal data in the logs.
            [Response] => Array
                (
                    [Code] => 200
                    [Message] => OK
                    [Headers] => WpOrg\Requests\Utility\CaseInsensitiveDictionary Object
                        (
                            [data:protected] => Array
                                (
                                    [content-length] => 34
                                    [content-type] => application/json; charset=utf-8
                                    [date] => Thu, 18 Jan 2024 16:29:03 GMT
                                    [etag] => W/"22-6OS7cK0FzqnV2NeDHdOSGS1bVUs"
                                    [strict-transport-security] => max-age=315360000; includeSubDomains; preload
                                    [vary] => Accept-Encoding
                                    [x-content-type-options] => nosniff
                                    [x-xss-protection] => 1; mode=block
                                )

                        )

                    [Body] => Webhook body is not logged unless WP_DEBUG mode is turned on. This is to avoid the storing of personal data in the logs.
                )

        )

)

2024-01-18T16:33:45+00:00 INFO Array
(
    [Webhook Delivery] => Array
        (
            [Delivery ID] => a50a78c90dca655e8e3c1f9ef9a4f97e
            [Date] => Th1 18, 2024 @ 16:33
            [URL] => https://vn1.n8n.vn/webhook/test/order/updated
            [Duration] => 0.3098
            [Request] => Array
                (
                    [Method] => POST
                    [Headers] => Array
                        (
                            [User-Agent] => WooCommerce/8.4.0 Hookshot (WordPress/6.4.2)
                            [Content-Type] => application/json
                            [X-WC-Webhook-Source] => https://vovinamfusion.top/
                            [X-WC-Webhook-Topic] => order.updated
                            [X-WC-Webhook-Resource] => order
                            [X-WC-Webhook-Event] => updated
                            [X-WC-Webhook-Signature] => FohNOtgt3QhKTV6xzQpfj5LtcponGhfFQeHEZdvkkvs=
                            [X-WC-Webhook-ID] => 2
                            [X-WC-Webhook-Delivery-ID] => a50a78c90dca655e8e3c1f9ef9a4f97e
                        )

                )

            [Body] => Webhook body is not logged unless WP_DEBUG mode is turned on. This is to avoid the storing of personal data in the logs.
            [Response] => Array
                (
                    [Code] => 200
                    [Message] => OK
                    [Headers] => WpOrg\Requests\Utility\CaseInsensitiveDictionary Object
                        (
                            [data:protected] => Array
                                (
                                    [content-length] => 34
                                    [content-type] => application/json; charset=utf-8
                                    [date] => Thu, 18 Jan 2024 16:33:45 GMT
                                    [etag] => W/"22-6OS7cK0FzqnV2NeDHdOSGS1bVUs"
                                    [strict-transport-security] => max-age=315360000; includeSubDomains; preload
                                    [vary] => Accept-Encoding
                                    [x-content-type-options] => nosniff
                                    [x-xss-protection] => 1; mode=block
                                )

                        )

                    [Body] => Webhook body is not logged unless WP_DEBUG mode is turned on. This is to avoid the storing of personal data in the logs.
                )

        )

)

2024-01-18T16:37:00+00:00 INFO Array
(
    [Webhook Delivery] => Array
        (
            [Delivery ID] => 40b4f14ee67943165c287757b8d2b42f
            [Date] => Th1 18, 2024 @ 16:37
            [URL] => https://vn1.n8n.vn/webhook/test/order/updated
            [Duration] => 0.61531
            [Request] => Array
                (
                    [Method] => POST
                    [Headers] => Array
                        (
                            [User-Agent] => WooCommerce/8.4.0 Hookshot (WordPress/6.4.2)
                            [Content-Type] => application/json
                            [X-WC-Webhook-Source] => https://vovinamfusion.top/
                            [X-WC-Webhook-Topic] => order.updated
                            [X-WC-Webhook-Resource] => order
                            [X-WC-Webhook-Event] => updated
                            [X-WC-Webhook-Signature] => JjatiKAbc+/bzwDttfcMpvBpAUrJF7yXIckp2twdCsE=
                            [X-WC-Webhook-ID] => 2
                            [X-WC-Webhook-Delivery-ID] => 40b4f14ee67943165c287757b8d2b42f
                        )

                )

            [Body] => Webhook body is not logged unless WP_DEBUG mode is turned on. This is to avoid the storing of personal data in the logs.
            [Response] => Array
                (
                    [Code] => 200
                    [Message] => OK
                    [Headers] => WpOrg\Requests\Utility\CaseInsensitiveDictionary Object
                        (
                            [data:protected] => Array
                                (
                                    [content-length] => 34
                                    [content-type] => application/json; charset=utf-8
                                    [date] => Thu, 18 Jan 2024 16:37:00 GMT
                                    [etag] => W/"22-6OS7cK0FzqnV2NeDHdOSGS1bVUs"
                                    [strict-transport-security] => max-age=315360000; includeSubDomains; preload
                                    [vary] => Accept-Encoding
                                    [x-content-type-options] => nosniff
                                    [x-xss-protection] => 1; mode=block
                                )

                        )

                    [Body] => Webhook body is not logged unless WP_DEBUG mode is turned on. This is to avoid the storing of personal data in the logs.
                )

        )

)

2024-01-18T16:37:00+00:00 INFO Array
(
    [Webhook Delivery] => Array
        (
            [Delivery ID] => 9e5ea0f9d749e184bdd7d95d8f559b25
            [Date] => Th1 18, 2024 @ 16:37
            [URL] => https://vn1.n8n.vn/webhook/test/order/updated
            [Duration] => 0.20166
            [Request] => Array
                (
                    [Method] => POST
                    [Headers] => Array
                        (
                            [User-Agent] => WooCommerce/8.4.0 Hookshot (WordPress/6.4.2)
                            [Content-Type] => application/json
                            [X-WC-Webhook-Source] => https://vovinamfusion.top/
                            [X-WC-Webhook-Topic] => order.updated
                            [X-WC-Webhook-Resource] => order
                            [X-WC-Webhook-Event] => updated
                            [X-WC-Webhook-Signature] => PmdJFtiOh3ORy+MI9h6GKIsceBiLvEpE0Ffxt7D30tA=
                            [X-WC-Webhook-ID] => 2
                            [X-WC-Webhook-Delivery-ID] => 9e5ea0f9d749e184bdd7d95d8f559b25
                        )

                )

            [Body] => Webhook body is not logged unless WP_DEBUG mode is turned on. This is to avoid the storing of personal data in the logs.
            [Response] => Array
                (
                    [Code] => 200
                    [Message] => OK
                    [Headers] => WpOrg\Requests\Utility\CaseInsensitiveDictionary Object
                        (
                            [data:protected] => Array
                                (
                                    [content-length] => 34
                                    [content-type] => application/json; charset=utf-8
                                    [date] => Thu, 18 Jan 2024 16:37:00 GMT
                                    [etag] => W/"22-6OS7cK0FzqnV2NeDHdOSGS1bVUs"
                                    [strict-transport-security] => max-age=315360000; includeSubDomains; preload
                                    [vary] => Accept-Encoding
                                    [x-content-type-options] => nosniff
                                    [x-xss-protection] => 1; mode=block
                                )

                        )

                    [Body] => Webhook body is not logged unless WP_DEBUG mode is turned on. This is to avoid the storing of personal data in the logs.
                )

        )

)

2024-01-18T16:37:57+00:00 INFO Array
(
    [Webhook Delivery] => Array
        (
            [Delivery ID] => b9ae61c0943f980398400062ea90bbff
            [Date] => Th1 18, 2024 @ 16:37
            [URL] => https://vn1.n8n.vn/webhook/test/order/updated
            [Duration] => 0.30062
            [Request] => Array
                (
                    [Method] => POST
                    [Headers] => Array
                        (
                            [User-Agent] => WooCommerce/8.4.0 Hookshot (WordPress/6.4.2)
                            [Content-Type] => application/json
                            [X-WC-Webhook-Source] => https://vovinamfusion.top/
                            [X-WC-Webhook-Topic] => order.updated
                            [X-WC-Webhook-Resource] => order
                            [X-WC-Webhook-Event] => updated
                            [X-WC-Webhook-Signature] => zZHTuZgZBG/6MPnyxZ2pReggjLwl8lBpTGuLYPUbDUo=
                            [X-WC-Webhook-ID] => 2
                            [X-WC-Webhook-Delivery-ID] => b9ae61c0943f980398400062ea90bbff
                        )

                )

            [Body] => Webhook body is not logged unless WP_DEBUG mode is turned on. This is to avoid the storing of personal data in the logs.
            [Response] => Array
                (
                    [Code] => 200
                    [Message] => OK
                    [Headers] => WpOrg\Requests\Utility\CaseInsensitiveDictionary Object
                        (
                            [data:protected] => Array
                                (
                                    [content-length] => 34
                                    [content-type] => application/json; charset=utf-8
                                    [date] => Thu, 18 Jan 2024 16:37:57 GMT
                                    [etag] => W/"22-6OS7cK0FzqnV2NeDHdOSGS1bVUs"
                                    [strict-transport-security] => max-age=315360000; includeSubDomains; preload
                                    [vary] => Accept-Encoding
                                    [x-content-type-options] => nosniff
                                    [x-xss-protection] => 1; mode=block
                                )

                        )

                    [Body] => Webhook body is not logged unless WP_DEBUG mode is turned on. This is to avoid the storing of personal data in the logs.
                )

        )

)

2024-01-18T16:41:58+00:00 INFO Array
(
    [Webhook Delivery] => Array
        (
            [Delivery ID] => 70af4df1ad8ef791f8063014195e4ef0
            [Date] => Th1 18, 2024 @ 16:41
            [URL] => https://vn1.n8n.vn/webhook/test/order/updated
            [Duration] => 0.32231
            [Request] => Array
                (
                    [Method] => POST
                    [Headers] => Array
                        (
                            [User-Agent] => WooCommerce/8.4.0 Hookshot (WordPress/6.4.2)
                            [Content-Type] => application/json
                            [X-WC-Webhook-Source] => https://vovinamfusion.top/
                            [X-WC-Webhook-Topic] => order.updated
                            [X-WC-Webhook-Resource] => order
                            [X-WC-Webhook-Event] => updated
                            [X-WC-Webhook-Signature] => C6LPX1UDmo6nnaeylmOoyB0AK0tvs7NFcWa1YSHDz7M=
                            [X-WC-Webhook-ID] => 2
                            [X-WC-Webhook-Delivery-ID] => 70af4df1ad8ef791f8063014195e4ef0
                        )

                )

            [Body] => Webhook body is not logged unless WP_DEBUG mode is turned on. This is to avoid the storing of personal data in the logs.
            [Response] => Array
                (
                    [Code] => 200
                    [Message] => OK
                    [Headers] => WpOrg\Requests\Utility\CaseInsensitiveDictionary Object
                        (
                            [data:protected] => Array
                                (
                                    [content-length] => 34
                                    [content-type] => application/json; charset=utf-8
                                    [date] => Thu, 18 Jan 2024 16:41:58 GMT
                                    [etag] => W/"22-6OS7cK0FzqnV2NeDHdOSGS1bVUs"
                                    [strict-transport-security] => max-age=315360000; includeSubDomains; preload
                                    [vary] => Accept-Encoding
                                    [x-content-type-options] => nosniff
                                    [x-xss-protection] => 1; mode=block
                                )

                        )

                    [Body] => Webhook body is not logged unless WP_DEBUG mode is turned on. This is to avoid the storing of personal data in the logs.
                )

        )

)

